---
source: crates/cli/tests/projects_test.rs
expression: assert.output()
---

╭────────────────────────────────────────────────────────────────────────────────────────────────────────────────────────────────────────────────────╮
│Project            Source             Layer             Toolchains                                Description                                       │
│────────────────────────────────────────────────────────────────────────────────────────────────────────────────────────────────────────────────────│
│advanced           advanced           application       system                                                                                      │
│basic              basic              unknown           system                                                                                      │
│dep-bar            dep-bar            unknown           system                                                                                      │
│dep-baz            dep-baz            unknown           system                                                                                      │
│dep-foo            dep-foo            application       system                                                                                      │
│empty-config       empty-config       unknown           system                                                                                      │
│metadata           metadata           configuration     system                                    Advanced example.                                 │
│no-config          no-config          unknown           system                                                                                      │
│root               .                  unknown           system                                                                                      │
│tasks              tasks              unknown           system                                                                                      │
│toolchains         toolchains         unknown           system                                                                                      │
╰────────────────────────────────────────────────────────────────────────────────────────────────────────────────────────────────────────────────────╯
